
> turfo@0.0.1 build
> vite build

[36mvite v6.3.5 [32mbuilding for production...[36m[39m
transforming...
[32mÔ£ô[39m 48 modules transformed.
npm : [31mÔ£ù[39m 
Build failed in 1.40s
At line:1 char:1
+ npm run build > 
build_errors.txt 2>&1
+ ~~~~~~~~~~~~~~~~~~~~~
~~~~~~~~~~~~~~~~
    + CategoryInfo     
         : NotSpecifi  
  ed: ([31mÔ£ù[39m   
  Build failed in 1    
.40s:String) [], R    
emoteException
    + FullyQualifiedEr 
   rorId : NativeComm  
  andError
 
[31merror during 
build:
[31mCould not resolve 
"../../assets/90fb72376
fb333816749802f330ac078
5cab26cb.png" from "src
/components/layout.tsx"
[31m
file: [36mC:/Users/rit
es/turfo/src/components
/layout.tsx[31m
    at getRollupError (
file:///C:/Users/rites/
turfo/node_modules/roll
up/dist/es/shared/parse
Ast.js:402:41)
    at error (file:///C
:/Users/rites/turfo/nod
e_modules/rollup/dist/e
s/shared/parseAst.js:39
8:42)
    at ModuleLoader.han
dleInvalidResolvedId (f
ile:///C:/Users/rites/t
urfo/node_modules/rollu
p/dist/es/shared/node-e
ntry.js:21710:24)
    at file:///C:/Users
/rites/turfo/node_modul
es/rollup/dist/es/share
d/node-entry.js:21670:2
6[39m
